0 verbose cli /opt/homebrew/Cellar/node/25.8.1_1/bin/node /opt/homebrew/bin/npm
1 info using npm@11.11.0
2 info using node@v25.8.1
3 silly config load:file:/opt/homebrew/lib/node_modules/npm/npmrc
4 silly config load:file:/Users/jyxc-dz-0100378/TESTBMK/game-skill-packages/verification/quanwanggame/project/.npmrc
5 silly config load:file:/Users/jyxc-dz-0100378/.npmrc
6 silly config load:file:/opt/homebrew/etc/npmrc
7 verbose title npm ci
8 verbose argv "ci" "--offline" "--cache" "/Users/jyxc-dz-0100378/TESTBMK/game-skill-packages/verification/quanwanggame/project/.quanwang-npm-cache" "--no-audit" "--no-fund"
9 verbose logfile logs-max:10 dir:/Users/jyxc-dz-0100378/TESTBMK/game-skill-packages/verification/quanwanggame/project/.quanwang-npm-cache/_logs/2026-09-18T06_08_26_984Z-
10 verbose logfile /Users/jyxc-dz-0100378/TESTBMK/game-skill-packages/verification/quanwanggame/project/.quanwang-npm-cache/_logs/2026-09-18T06_08_26_984Z-debug-0.log
11 silly logfile done cleaning log files
12 silly packumentCache heap:4496293888 maxSize:1124073472 maxEntrySize:562036736
13 silly idealTree buildDeps
14 silly reify moves {}
15 http cache vite@https://registry.npmmirror.com/vite/-/vite-6.4.1.tgz 0ms (cache hit)
16 http cache tsx@https://registry.npmmirror.com/tsx/-/tsx-4.20.6.tgz 0ms (cache hit)
17 http cache typescript@https://registry.npmmirror.com/typescript/-/typescript-5.9.3.tgz 0ms (cache hit)
18 http cache tinyglobby@https://registry.npmmirror.com/tinyglobby/-/tinyglobby-0.2.17.tgz 0ms (cache hit)
19 http cache tiny-lru@https://registry.npmmirror.com/tiny-lru/-/tiny-lru-11.4.7.tgz 0ms (cache hit)
20 http cache rollup@https://registry.npmmirror.com/rollup/-/rollup-4.63.3.tgz 0ms (cache hit)
21 http cache source-map-js@https://registry.npmmirror.com/source-map-js/-/source-map-js-1.2.1.tgz 0ms (cache hit)
22 http cache resolve-pkg-maps@https://registry.npmmirror.com/resolve-pkg-maps/-/resolve-pkg-maps-1.0.0.tgz 0ms (cache hit)
23 http cache postcss@https://registry.npmmirror.com/postcss/-/postcss-8.5.28.tgz 0ms (cache hit)
24 http cache playwright-core@https://registry.npmmirror.com/playwright-core/-/playwright-core-1.56.1.tgz 0ms (cache hit)
25 http cache pixi.js@https://registry.npmmirror.com/pixi.js/-/pixi.js-8.14.3.tgz 0ms (cache hit)
26 http cache picomatch@https://registry.npmmirror.com/picomatch/-/picomatch-4.0.7.tgz 0ms (cache hit)
27 http cache picocolors@https://registry.npmmirror.com/picocolors/-/picocolors-1.1.1.tgz 0ms (cache hit)
28 http cache parse-svg-path@https://registry.npmmirror.com/parse-svg-path/-/parse-svg-path-0.1.2.tgz 0ms (cache hit)
29 http cache playwright@https://registry.npmmirror.com/playwright/-/playwright-1.56.1.tgz 0ms (cache hit)
30 http cache js-binary-schema-parser@https://registry.npmmirror.com/js-binary-schema-parser/-/js-binary-schema-parser-2.0.3.tgz 0ms (cache hit)
31 http cache ismobilejs@https://registry.npmmirror.com/ismobilejs/-/ismobilejs-1.1.1.tgz 0ms (cache hit)
32 http cache nanoid@https://registry.npmmirror.com/nanoid/-/nanoid-3.3.19.tgz 0ms (cache hit)
33 http cache get-tsconfig@https://registry.npmmirror.com/get-tsconfig/-/get-tsconfig-4.14.3.tgz 0ms (cache hit)
34 http cache fsevents@https://registry.npmmirror.com/fsevents/-/fsevents-2.3.2.tgz 0ms (cache hit)
35 http cache fdir@https://registry.npmmirror.com/fdir/-/fdir-6.5.0.tgz 0ms (cache hit)
36 http cache esbuild@https://registry.npmmirror.com/esbuild/-/esbuild-0.25.12.tgz 0ms (cache hit)
37 http cache eventemitter3@https://registry.npmmirror.com/eventemitter3/-/eventemitter3-5.0.4.tgz 0ms (cache hit)
38 http cache earcut@https://registry.npmmirror.com/earcut/-/earcut-3.2.3.tgz 0ms (cache hit)
39 http cache gifuct-js@https://registry.npmmirror.com/gifuct-js/-/gifuct-js-2.1.2.tgz 0ms (cache hit)
40 http cache @xmldom/xmldom@https://registry.npmmirror.com/@xmldom/xmldom/-/xmldom-0.8.15.tgz 0ms (cache hit)
41 http cache @types/estree@https://registry.npmmirror.com/@types/estree/-/estree-1.0.9.tgz 0ms (cache hit)
42 http cache @webgpu/types@https://registry.npmmirror.com/@webgpu/types/-/types-0.1.72.tgz 0ms (cache hit)
43 http cache @types/css-font-loading-module@https://registry.npmmirror.com/@types/css-font-loading-module/-/css-font-loading-module-0.0.12.tgz 0ms (cache hit)
44 http cache @types/earcut@https://registry.npmmirror.com/@types/earcut/-/earcut-3.0.0.tgz 0ms (cache hit)
45 http cache @playwright/test@https://registry.npmmirror.com/@playwright/test/-/test-1.56.1.tgz 0ms (cache hit)
46 http cache @rollup/rollup-darwin-arm64@https://registry.npmmirror.com/@rollup/rollup-darwin-arm64/-/rollup-darwin-arm64-4.63.3.tgz 0ms (cache hit)
47 http cache @pixi/colord@https://registry.npmmirror.com/@pixi/colord/-/colord-2.9.6.tgz 0ms (cache hit)
48 http cache fsevents@https://registry.npmmirror.com/fsevents/-/fsevents-2.3.3.tgz 0ms (cache hit)
49 http cache @esbuild/darwin-arm64@https://registry.npmmirror.com/@esbuild/darwin-arm64/-/darwin-arm64-0.25.12.tgz 0ms (cache hit)
50 http cache fsevents@https://registry.npmmirror.com/fsevents/-/fsevents-2.3.3.tgz 0ms (cache hit)
51 info run esbuild@0.25.12 postinstall node_modules/esbuild node install.js
52 info run esbuild@0.25.12 postinstall { code: 0, signal: null }
53 silly ADD node_modules/vite
54 silly ADD node_modules/vite/node_modules/fsevents
55 silly ADD node_modules/typescript
56 silly ADD node_modules/tsx
57 silly ADD node_modules/tsx/node_modules/fsevents
58 silly ADD node_modules/tinyglobby
59 silly ADD node_modules/tiny-lru
60 silly ADD node_modules/source-map-js
61 silly ADD node_modules/rollup
62 silly ADD node_modules/resolve-pkg-maps
63 silly ADD node_modules/postcss
64 silly ADD node_modules/playwright-core
65 silly ADD node_modules/playwright
66 silly ADD node_modules/pixi.js
67 silly ADD node_modules/picomatch
68 silly ADD node_modules/picocolors
69 silly ADD node_modules/parse-svg-path
70 silly ADD node_modules/nanoid
71 silly ADD node_modules/js-binary-schema-parser
72 silly ADD node_modules/ismobilejs
73 silly ADD node_modules/gifuct-js
74 silly ADD node_modules/get-tsconfig
75 silly ADD node_modules/fsevents
76 silly ADD node_modules/fdir
77 silly ADD node_modules/eventemitter3
78 silly ADD node_modules/esbuild
79 silly ADD node_modules/earcut
80 silly ADD node_modules/@xmldom/xmldom
81 silly ADD node_modules/@webgpu/types
82 silly ADD node_modules/@types/estree
83 silly ADD node_modules/@types/earcut
84 silly ADD node_modules/@types/css-font-loading-module
85 silly ADD node_modules/@rollup/rollup-darwin-arm64
86 silly ADD node_modules/@playwright/test
87 silly ADD node_modules/@pixi/colord
88 silly ADD node_modules/@esbuild/darwin-arm64
89 verbose cwd /Users/jyxc-dz-0100378/TESTBMK/game-skill-packages/verification/quanwanggame/project
90 verbose os Darwin 25.6.0
91 verbose node v25.8.1
92 verbose npm  v11.11.0
93 verbose exit 0
94 info ok
