
> aloha-kart@1.0.0 test
> node --test tests/simulation.test.mjs

✔ contract: 8 stable racers, exact characters, fresh state and defensive inputs (10.609ms)
✔ countdown emits 3, 2, 1, GO; pause restores the exact countdown and racing clock (6.379041ms)
✔ manual throttle is not auto-driving; explicit assist follows the course (247.098875ms)
✔ positive steering turns right, negative turns left, brake slows and controls remain analog (1.487875ms)
✔ drift charges in a turn, announces tiers, and releases a temporary boost (3.242041ms)
✔ holding drift in a straight line does not farm boost (0.608833ms)
✔ coins/items collect by proximity, cooldown is simulation-owned and pauses freeze it (10.20875ms)
✔ item input is edge-triggered; boost and shield work and cannot be spent while paused (0.572083ms)
✔ projectiles travel, home and hit and slow another kart (1.033833ms)
✔ projectiles travel, home and are blocked by a shield (0.512083ms)
✔ boost pads activate once on entry, rather than on every physics tick (2.946ms)
✔ sand is slower; respawn centers safely without granting checkpoints or a boost (2.007709ms)
✔ kart contacts separate overlapping karts and report a knock (0.432709ms)
✔ reverse movement and respawn cannot farm start-line laps or forged progress (1.107875ms)
✔ a complete race has correct ordered checkpoints, ranks and meaningful estimated results (768.195917ms)
✔ AI hold varied road lanes and fixed substeps agree at 30/120 fps (394.747792ms)
ℹ tests 16
ℹ suites 0
ℹ pass 16
ℹ fail 0
ℹ cancelled 0
ℹ skipped 0
ℹ todo 0
ℹ duration_ms 1814.0195
