{
  "command": "compare",
  "project": "/Users/jyxc-dz-0100378/TESTBMK/game-skill-packages/verification/moshou-autumn",
  "checked": 73,
  "differences": [],
  "ok": true
}

> northshire-reborn@0.1.0 test
> node --experimental-strip-types --test tests/*.test.ts

✔ clamp, lerp and horizontal distances (0.831292ms)
✔ angles interpolate over the short arc across the 360 degree seam (0.102625ms)
✔ seeded world placement is reproducible and bounded (0.7275ms)
✔ fresh saves do not share nested position state (2.178125ms)
✔ save parser rejects malformed, unsupported and nonfinite input (0.275875ms)
✔ save parser clamps health to current level, counts and world coordinates (0.941208ms)
✔ quest only enters return stage when BOTH objectives are met (0.405125ms)
✔ available and completed quests cannot be reactivated by objective updates (0.146042ms)
✔ XP from the playable quest causes one level-up and full healing (0.223041ms)
✔ large XP grants respect the demo level cap and do not overflow the UI bar (0.170792ms)
✔ damage and healing are bounded, death disables auto-attack (0.807625ms)
✔ save/load and continue preserve quest and position (0.19575ms)
✔ blocked browser storage does not crash loading or saving (0.145834ms)
✔ death save resumes at full health instead of getting stuck dead (25.051042ms)
✔ log history stays bounded (2.827875ms)
ℹ tests 15
ℹ suites 0
ℹ pass 15
ℹ fail 0
ℹ cancelled 0
ℹ skipped 0
ℹ todo 0
ℹ duration_ms 532.160208

> northshire-reborn@0.1.0 build
> tsc --noEmit && vite build

vite v8.3.0 building client environment for production...
transforming...
✓ 937 modules transformed.
rendering chunks...
computing gzip size...
dist/index.html                                                     3.45 kB │ gzip:   1.15 kB
dist/assets/index-Nm2EryXI.css                                     22.96 kB │ gzip:   6.36 kB
dist/assets/typeStore-Cu_sj2zM.js                                   0.08 kB │ gzip:   0.08 kB
dist/assets/kernelBlurVaryingDeclaration-DP2Wr9Oc.js                0.21 kB │ gzip:   0.17 kB
dist/assets/kernelBlurVaryingDeclaration-g2Ge9lzd.js                0.22 kB │ gzip:   0.18 kB
dist/assets/pointCloudVertex-CmkEsLzf.js                            0.24 kB │ gzip:   0.20 kB
dist/assets/meshUboDeclaration-BATNZvmb.js                          0.27 kB │ gzip:   0.23 kB
dist/assets/pass.fragment-Cvd2TCWC.js                               0.31 kB │ gzip:   0.25 kB
dist/assets/sceneVertexDeclaration-CluTp-RC.js                      0.33 kB │ gzip:   0.22 kB
dist/assets/bumpVertexDeclaration-Cb04kLz9.js                       0.34 kB │ gzip:   0.25 kB
dist/assets/meshUboDeclaration-BmNu2KU_.js                          0.34 kB │ gzip:   0.25 kB
dist/assets/sceneUboDeclaration-B5VhSG0v.js                         0.36 kB │ gzip:   0.26 kB
dist/assets/shadowMapFragmentSoftTransparentShadow-R_iOKnyx.js      0.37 kB │ gzip:   0.26 kB
dist/assets/bumpVertexDeclaration-I4Guxw_q.js                       0.39 kB │ gzip:   0.26 kB
dist/assets/shadowMapFragmentSoftTransparentShadow-B6k0i9Au.js      0.40 kB │ gzip:   0.28 kB
dist/assets/glowMapMerge.vertex-XcoH38fZ.js                         0.43 kB │ gzip:   0.29 kB
dist/assets/sceneUboDeclaration-B96Tfx7b.js                         0.43 kB │ gzip:   0.27 kB
dist/assets/logDepthDeclaration-D_lEqJ0h.js                         0.44 kB │ gzip:   0.28 kB
dist/assets/pass.fragment-C9fRTBUH.js                               0.45 kB │ gzip:   0.29 kB
dist/assets/postprocess.vertex-DJCmMhI8.js                          0.46 kB │ gzip:   0.30 kB
dist/assets/logDepthDeclaration-BYs2zDV7.js                         0.46 kB │ gzip:   0.29 kB
dist/assets/shaderStore-D-XQlhUT.js                                 0.46 kB │ gzip:   0.17 kB
dist/assets/procedural.vertex-C47TVAon.js                           0.47 kB │ gzip:   0.29 kB
dist/assets/bloomMerge.fragment-vwVNEATu.js                         0.48 kB │ gzip:   0.31 kB
dist/assets/iblCdfx.fragment-DwJ2-o2J.js                            0.49 kB │ gzip:   0.34 kB
dist/assets/performanceConfigurator-UtxC_Odd.js                     0.50 kB │ gzip:   0.25 kB
dist/assets/hdrFiltering.vertex-D0M3wH6A.js                         0.50 kB │ gzip:   0.31 kB
dist/assets/rgbdEncode.fragment-CVg4Fcse.js                         0.51 kB │ gzip:   0.33 kB
dist/assets/rgbdDecode.fragment-Cdz2Tveq.js                         0.52 kB │ gzip:   0.34 kB
dist/assets/bumpVertex-CWhdIpqj.js                                  0.52 kB │ gzip:   0.32 kB
dist/assets/hdrIrradianceFiltering.vertex-DOQV8qQx.js               0.52 kB │ gzip:   0.32 kB
dist/assets/packingFunctions-DpGwbupU.js                            0.52 kB │ gzip:   0.29 kB
dist/assets/depthBoxBlur.fragment-CLEAG5DG.js                       0.53 kB │ gzip:   0.35 kB
dist/assets/hdrTextureLoader-CbUY19jT.js                            0.53 kB │ gzip:   0.38 kB
dist/assets/glowMapMerge.vertex-CBAYzq55.js                         0.54 kB │ gzip:   0.33 kB
dist/assets/packingFunctions-CINwVZs6.js                            0.56 kB │ gzip:   0.31 kB
dist/assets/iblCdfx.fragment-DcN-2ogt.js                            0.56 kB │ gzip:   0.37 kB
dist/assets/ssaoCombine.fragment-B1IvvcRW.js                        0.57 kB │ gzip:   0.33 kB
dist/assets/postprocess.vertex-CmVXXq2T.js                          0.58 kB │ gzip:   0.35 kB
dist/assets/procedural.vertex-D3o6xkF2.js                           0.61 kB │ gzip:   0.34 kB
dist/assets/rgbdEncode.fragment-CxPSfrvR.js                         0.65 kB │ gzip:   0.37 kB
dist/assets/hdrFiltering.vertex-COSbMAY6.js                         0.66 kB │ gzip:   0.36 kB
dist/assets/rgbdDecode.fragment-DXl2fYur.js                         0.66 kB │ gzip:   0.38 kB
dist/assets/extractHighlights.fragment-Z6JPs_Tc.js                  0.68 kB │ gzip:   0.40 kB
dist/assets/hdrIrradianceFiltering.vertex-CFN7uIG9.js               0.68 kB │ gzip:   0.37 kB
dist/assets/bumpVertex-DRq4BZvD.js                                  0.69 kB │ gzip:   0.38 kB
dist/assets/depthBoxBlur.fragment-D2KJPEQv.js                       0.71 kB │ gzip:   0.41 kB
dist/assets/bloomMerge.fragment-DQ_fgnoL.js                         0.74 kB │ gzip:   0.37 kB
dist/assets/vertexColorMixing-B7dmaeCQ.js                           0.75 kB │ gzip:   0.38 kB
dist/assets/sharpen.fragment-CCLDkKbj.js                            0.76 kB │ gzip:   0.38 kB
dist/assets/math.scalar.functions-lnL7TJ7T.js                       0.76 kB │ gzip:   0.41 kB
dist/assets/grain.fragment-BCCu9I6u.js                              0.77 kB │ gzip:   0.44 kB
dist/assets/glowMapMerge.fragment-E4YwFGds.js                       0.80 kB │ gzip:   0.42 kB
dist/assets/ssaoCombine.fragment-jEEUeUp9.js                        0.80 kB │ gzip:   0.39 kB
dist/assets/hdrFiltering.fragment-cHOWPEWI.js                       0.80 kB │ gzip:   0.42 kB
dist/assets/circleOfConfusion.fragment-CEj6DZ22.js                  0.81 kB │ gzip:   0.45 kB
dist/assets/passCube.fragment-B9dBqbCg.js                           0.82 kB │ gzip:   0.35 kB
dist/assets/kernelBlur.vertex-C2dESVl-.js                           0.88 kB │ gzip:   0.46 kB
dist/assets/extractHighlights.fragment-DCpbnnfn.js                  0.89 kB │ gzip:   0.46 kB
dist/assets/imageProcessing.fragment-Bb9mf-7k.js                    0.91 kB │ gzip:   0.48 kB
dist/assets/color.fragment-CxH-oW8C.js                              0.92 kB │ gzip:   0.43 kB
dist/assets/mesh.vertexData.functions-CD4JOR2q.js                   0.93 kB │ gzip:   0.48 kB
dist/assets/instancesDeclaration-CJBvtBV5.js                        0.93 kB │ gzip:   0.34 kB
dist/assets/hdrIrradianceFiltering.fragment-Plypi5hS.js             0.93 kB │ gzip:   0.47 kB
dist/assets/hdrFiltering.fragment-CFsnQbXs.js                       0.98 kB │ gzip:   0.47 kB
dist/assets/iblScaledLuminance.fragment-BiR4vIhv.js                 0.98 kB │ gzip:   0.52 kB
dist/assets/circleOfConfusion.fragment-Bl-wDFJW.js                  0.99 kB │ gzip:   0.52 kB
dist/assets/fxaa.vertex-CEYszSUi.js                                 0.99 kB │ gzip:   0.39 kB
dist/assets/vertexColorMixing-D2Z31hvR.js                           1.00 kB │ gzip:   0.44 kB
dist/assets/iblDominantDirection.fragment-fkMISSk7.js               1.02 kB │ gzip:   0.54 kB
dist/assets/color.fragment-CbJP31yK.js                              1.03 kB │ gzip:   0.47 kB
dist/assets/instancesDeclaration-DsiFqYXH.js                        1.04 kB │ gzip:   0.36 kB
dist/assets/kernelBlur.vertex-Cr8ljakh.js                           1.05 kB │ gzip:   0.50 kB
dist/assets/glowMapMerge.fragment-kUzN8f-0.js                       1.06 kB │ gzip:   0.49 kB
dist/assets/grain.fragment-nXpkjikI.js                              1.07 kB │ gzip:   0.51 kB
dist/assets/fogFragment-CISE_m3s.js                                 1.08 kB │ gzip:   0.49 kB
dist/assets/sharpen.fragment-B2bDI1_Y.js                            1.08 kB │ gzip:   0.45 kB
dist/assets/imageProcessing.fragment-C2rBLkba.js                    1.08 kB │ gzip:   0.53 kB
dist/assets/glowBlurPostProcess.fragment-DDN2NxnB.js                1.11 kB │ gzip:   0.57 kB
dist/assets/harmonicsFunctions-QSz_WdsQ.js                          1.12 kB │ gzip:   0.49 kB
dist/assets/passCube.fragment-C8Bxt-YC.js                           1.13 kB │ gzip:   0.39 kB
dist/assets/iblScaledLuminance.fragment-evIQ2NXg.js                 1.13 kB │ gzip:   0.54 kB
dist/assets/iblDominantDirection.fragment-BLkqlqmV.js               1.15 kB │ gzip:   0.57 kB
dist/assets/hdrIrradianceFiltering.fragment-DVxhclrJ.js             1.16 kB │ gzip:   0.53 kB
dist/assets/clipPlaneFragment-DVK0wgyZ.js                           1.17 kB │ gzip:   0.35 kB
dist/assets/depth.fragment-DCDlr7g6.js                              1.17 kB │ gzip:   0.55 kB
dist/assets/smartArray-BRfcgNbX.js                                  1.18 kB │ gzip:   0.44 kB
dist/assets/fogFragment-EikOP4pH.js                                 1.21 kB │ gzip:   0.54 kB
dist/assets/ddsTextureLoader-BL4MM0Kl.js                            1.25 kB │ gzip:   0.62 kB
dist/assets/iblCdfy.fragment-HwUiLPS_.js                            1.25 kB │ gzip:   0.64 kB
dist/assets/defaultUboDeclaration-C53xcSdv.js                       1.26 kB │ gzip:   0.55 kB
dist/assets/iblCdfy.fragment-DxSYWO2X.js                            1.26 kB │ gzip:   0.64 kB
dist/assets/clipPlaneFragment-Ct2VqHzk.js                           1.27 kB │ gzip:   0.37 kB
dist/assets/halfFloat-Ce77JD5z.js                                   1.29 kB │ gzip:   0.60 kB
dist/assets/depth.fragment-D67KRAFZ.js                              1.40 kB │ gzip:   0.60 kB
dist/assets/glowBlurPostProcess.fragment-CWHntGEt.js                1.41 kB │ gzip:   0.65 kB
dist/assets/harmonicsFunctions-CMr56qfT.js                          1.42 kB │ gzip:   0.52 kB
dist/assets/fxaa.vertex-BxlD2OIs.js                                 1.43 kB │ gzip:   0.45 kB
dist/assets/color.vertex-BJ0ztnvO.js                                1.44 kB │ gzip:   0.64 kB
dist/assets/color.vertex-DTibeIxe.js                                1.50 kB │ gzip:   0.64 kB
dist/assets/chromaticAberration.fragment-cDPo3aCd.js                1.53 kB │ gzip:   0.59 kB
dist/assets/defaultUboDeclaration-bEX7kynB.js                       1.62 kB │ gzip:   0.53 kB
dist/assets/depthOfFieldMerge.fragment-BKOejQJL.js                  1.68 kB │ gzip:   0.56 kB
dist/assets/pbrUboDeclaration--xFZEw0i.js                           1.80 kB │ gzip:   0.67 kB
dist/assets/math.plane-ClfJJdgq.js                                  1.81 kB │ gzip:   0.77 kB
dist/assets/glTFLoaderAnimation.pure-CGSMlLQ_.js                    1.82 kB │ gzip:   0.82 kB
dist/assets/logger-CuBYPcDK.js                                      1.88 kB │ gzip:   0.82 kB
dist/assets/chromaticAberration.fragment-DNJUxumu.js                1.89 kB │ gzip:   0.66 kB
dist/assets/glowMapGeneration.fragment-CeyBGCV2.js                  1.89 kB │ gzip:   0.73 kB
dist/assets/drawWrapper-C2i2uBha.js                                 1.95 kB │ gzip:   1.02 kB
dist/assets/depth.vertex-D4jZGqS4.js                                2.28 kB │ gzip:   0.89 kB
dist/assets/kernelBlur.fragment-DHQjf6lq.js                         2.29 kB │ gzip:   0.77 kB
dist/assets/depthOfFieldMerge.fragment-CyZ9wEKh.js                  2.30 kB │ gzip:   0.56 kB
dist/assets/depth.vertex-C_3KDDNd.js                                2.32 kB │ gzip:   0.87 kB
dist/assets/pbrUboDeclaration-oed3_f2e.js                           2.39 kB │ gzip:   0.66 kB
dist/assets/glowMapGeneration.vertex-CJoqIELD.js                    2.41 kB │ gzip:   0.80 kB
dist/assets/iesTextureLoader-3O5bSkSd.js                            2.47 kB │ gzip:   1.07 kB
dist/assets/pbrIBLFunctions-CSlJv7qb.js                             2.52 kB │ gzip:   0.88 kB
dist/assets/glowMapGeneration.fragment-Cp9qHE6X.js                  2.52 kB │ gzip:   0.83 kB
dist/assets/iblIcdf.fragment-Bo2ls1-U.js                            2.56 kB │ gzip:   0.98 kB
dist/assets/iblCdfDebug.fragment-CWM_JAoW.js                        2.67 kB │ gzip:   0.96 kB
dist/assets/pbrIBLFunctions-b8fwQKtH.js                             2.71 kB │ gzip:   0.88 kB
dist/assets/kernelBlur.fragment-BcdTKoPW.js                         2.83 kB │ gzip:   0.84 kB
dist/assets/glowMapGeneration.vertex-CclGmCBB.js                    2.84 kB │ gzip:   0.88 kB
dist/assets/iblIcdf.fragment-C6GWdBpb.js                            2.95 kB │ gzip:   1.04 kB
dist/assets/iblCdfDebug.fragment-DIrn_BEK.js                        3.05 kB │ gzip:   1.00 kB
dist/assets/shadowMap.fragment-DX4Yo1bp.js                          3.30 kB │ gzip:   1.16 kB
dist/assets/tgaTextureLoader-CqhhocF6.js                            3.40 kB │ gzip:   1.35 kB
dist/assets/textureProcessor.fragment-D-awtrDP.js                   3.49 kB │ gzip:   1.00 kB
dist/assets/engineStore-Bn2tApal.js                                 3.51 kB │ gzip:   1.21 kB
dist/assets/shadowMap.fragment-DUFTmQJ_.js                          3.86 kB │ gzip:   1.25 kB
dist/assets/openpbrUboDeclaration-CbPGRvOI.js                       3.87 kB │ gzip:   1.03 kB
dist/assets/decorators-C_ra_8EP.js                                  3.87 kB │ gzip:   1.58 kB
dist/assets/dumpTools.pure-4E3wu1_F.js                              3.95 kB │ gzip:   1.87 kB
dist/assets/textureProcessor.fragment-B-hqHgey.js                   4.37 kB │ gzip:   1.18 kB
dist/assets/morphTargetsVertex-6N5r7oF1.js                          4.37 kB │ gzip:   0.98 kB
dist/assets/shadowMap.vertex-D0763NfY.js                            4.72 kB │ gzip:   1.58 kB
dist/assets/shadowMap.vertex-C-8uGGE4.js                            4.76 kB │ gzip:   1.53 kB
dist/assets/imageProcessingFunctions-B1IXC_gq.js                    4.93 kB │ gzip:   1.77 kB
dist/assets/reflectionFunction-BTwp8RXV.js                          5.09 kB │ gzip:   1.30 kB
dist/assets/openpbrUboDeclaration-Dnhi8mvk.js                       5.22 kB │ gzip:   1.05 kB
dist/assets/ssao2.fragment-BY-nB3tp.js                              5.36 kB │ gzip:   1.70 kB
dist/assets/fxaa.fragment-BJI4ON-J.js                               5.55 kB │ gzip:   1.65 kB
dist/assets/reflectionFunction-3knPrqsc.js                          5.62 kB │ gzip:   1.36 kB
dist/assets/decorators.serialization-CPDmFX0y.js                    5.65 kB │ gzip:   2.08 kB
dist/assets/imageProcessingFunctions-G8WWRV14.js                    5.66 kB │ gzip:   1.99 kB
dist/assets/morphTargetsVertex-OlIh-Lzh.js                          6.40 kB │ gzip:   1.15 kB
dist/assets/fxaa.fragment-Uh7tsKmu.js                               6.43 kB │ gzip:   1.71 kB
dist/assets/helperFunctions-BH8P-eyq.js                             6.48 kB │ gzip:   2.18 kB
dist/assets/helperFunctions-gEnZbjN3.js                             6.81 kB │ gzip:   2.31 kB
dist/assets/bumpFragment-CuiSf1tw.js                                6.86 kB │ gzip:   2.41 kB
dist/assets/ssao2.fragment-CL7D8ZoJ.js                              6.86 kB │ gzip:   1.87 kB
dist/assets/dds.pure-CBTB14nH.js                                    6.90 kB │ gzip:   2.53 kB
dist/assets/logDepthVertex-DbaC19x4.js                              7.09 kB │ gzip:   1.77 kB
dist/assets/buffer.pure-Cyg9JZGV.js                                 7.39 kB │ gzip:   2.42 kB
dist/assets/internalTexture-Dlz1Grf0.js                             7.68 kB │ gzip:   1.99 kB
dist/assets/geometry.vertex-A4juewCo.js                             7.85 kB │ gzip:   1.94 kB
dist/assets/envTextureLoader-CG-nLt7V.js                            7.91 kB │ gzip:   3.17 kB
dist/assets/default.vertex-CS0PzMaj.js                              7.98 kB │ gzip:   2.23 kB
dist/assets/bumpFragment-D2NLTOb5.js                                8.06 kB │ gzip:   2.52 kB
dist/assets/basisTextureLoader-yTCHKbQx.js                          8.14 kB │ gzip:   3.17 kB
dist/assets/effectRenderer.pure-FxBCM_8S.js                         8.35 kB │ gzip:   2.46 kB
dist/assets/geometry.fragment-AD4zwq5V.js                           8.62 kB │ gzip:   2.67 kB
dist/assets/hdrFilteringFunctions-Dw0rQ8Bu.js                       8.63 kB │ gzip:   2.56 kB
dist/assets/hdrFilteringFunctions-Da1yugu7.js                       8.68 kB │ gzip:   2.51 kB
dist/assets/clipPlaneVertex-Cqy6RCeP.js                             8.82 kB │ gzip:   1.80 kB
dist/assets/geometry.vertex-DaBu5udt.js                             9.05 kB │ gzip:   2.01 kB
dist/assets/default.vertex-wojj_Wq0.js                              9.44 kB │ gzip:   2.43 kB
dist/assets/clipPlaneVertex-Bxgq6IpG.js                             9.79 kB │ gzip:   1.80 kB
dist/assets/geometry.fragment-DW1ePkyT.js                          10.57 kB │ gzip:   2.87 kB
dist/assets/pbrBRDFFunctions-BCNINF-p.js                           11.93 kB │ gzip:   4.14 kB
dist/assets/pbrMaterialLoadingAdapter-DmtYcafh.js                  12.50 kB │ gzip:   2.40 kB
dist/assets/math.color.pure-MfmSja1V.js                            12.51 kB │ gzip:   2.94 kB
dist/assets/pbrBRDFFunctions-DxfbxN23.js                           12.76 kB │ gzip:   4.32 kB
dist/assets/exrTextureLoader-C2ArSOoI.js                           13.13 kB │ gzip:   4.83 kB
dist/assets/precisionDate-CcRlxfnG.js                              13.26 kB │ gzip:   4.69 kB
dist/assets/animationGroup.pure-BttvP4sU.js                        13.64 kB │ gzip:   3.51 kB
dist/assets/pbr.vertex-BPa_3BnO.js                                 14.45 kB │ gzip:   3.07 kB
dist/assets/baseTexture.pure-BGvbjRH7.js                           15.05 kB │ gzip:   3.83 kB
dist/assets/imageProcessing-BrplBO6e.js                            16.36 kB │ gzip:   4.56 kB
dist/assets/ktxTextureLoader-4njC2mlm.js                           16.41 kB │ gzip:   4.79 kB
dist/assets/pbr.vertex-DPrcxpKD.js                                 16.98 kB │ gzip:   3.58 kB
dist/assets/openpbr.vertex-ptehK3r5.js                             17.32 kB │ gzip:   3.34 kB
dist/assets/openpbrTransmissionLayerData-BRi1vGnu.js               17.35 kB │ gzip:   4.01 kB
dist/assets/sceneComponent-C4HAFv--.js                             18.00 kB │ gzip:   4.87 kB
dist/assets/lightConstants-B_eBmN1o.js                             18.24 kB │ gzip:   4.02 kB
dist/assets/openpbrTransmissionLayerData-CbssVoWF.js               18.46 kB │ gzip:   4.15 kB
dist/assets/texture.pure-yxdKoU2j.js                               19.54 kB │ gzip:   5.44 kB
dist/assets/openpbr.vertex-Tv1qfmN8.js                             20.46 kB │ gzip:   3.97 kB
dist/assets/lightFragment-x7Xpl9uU.js                              20.56 kB │ gzip:   3.35 kB
dist/assets/openpbrMaterialLoadingAdapter-BgIuFQAK.js              21.82 kB │ gzip:   5.01 kB
dist/assets/logDepthVertex-DgpvUSZJ.js                             21.93 kB │ gzip:   3.53 kB
dist/assets/lightFragment-Bp8TsYdA.js                              22.57 kB │ gzip:   3.36 kB
dist/assets/default.fragment-DHmpFqgX.js                           24.03 kB │ gzip:   5.78 kB
dist/assets/default.fragment-Bkvff9JJ.js                           25.78 kB │ gzip:   5.79 kB
dist/assets/animation.pure-Cwd_eq11.js                             26.63 kB │ gzip:   6.79 kB
dist/assets/pbrDebug-CLTIssEd.js                                   29.30 kB │ gzip:   6.28 kB
dist/assets/tools.pure-BlIHHVZL.js                                 30.12 kB │ gzip:  10.11 kB
dist/assets/renderTargetTexture.pure-Bsi8nWZS.js                   31.65 kB │ gzip:   7.78 kB
dist/assets/pbrDebug-D-h-jbb7.js                                   36.36 kB │ gzip:   7.86 kB
dist/assets/oitFragment-Dg-iuAaJ.js                                45.30 kB │ gzip:   8.88 kB
dist/assets/oitFragment-B39TNw0g.js                                48.10 kB │ gzip:   9.36 kB
dist/assets/brdfTextureTools-BOR3pnVS.js                           61.26 kB │ gzip:  44.77 kB
dist/assets/math.vector.pure-DJG0Sw39.js                           64.62 kB │ gzip:  16.05 kB
dist/assets/material.pure-DGc9n2-c.js                              78.77 kB │ gzip:  20.19 kB
dist/assets/openpbr.fragment-BF_n7lkL.js                           88.28 kB │ gzip:  17.62 kB
dist/assets/openpbr.fragment-z4vbV34Z.js                           90.78 kB │ gzip:  17.68 kB
dist/assets/openpbrMaterial.pure-DU0hoAga.js                       91.24 kB │ gzip:  19.67 kB
dist/assets/pbr.fragment-D82YL-KD.js                               93.93 kB │ gzip:  16.71 kB
dist/assets/pbr.fragment-1-owNO89.js                               96.92 kB │ gzip:  18.08 kB
dist/assets/thinEngine.pure-CpHfbhpr.js                           126.28 kB │ gzip:  30.62 kB
dist/assets/pbrMaterial.pure-B57dW358.js                          135.75 kB │ gzip:  25.44 kB
dist/assets/scene.pure-DRPGhpAx.js                                159.17 kB │ gzip:  34.27 kB
dist/assets/index-Bx1XxoW3.js                                   1,226.53 kB │ gzip: 303.75 kB

✓ built in 4.56s
[plugin builtin:vite-reporter] 
(!) Some chunks are larger than 500 kB after minification. Consider:
- Using dynamic import() to code-split the application
- Use build.rolldownOptions.output.codeSplitting to improve chunking: https://rolldown.rs/reference/OutputOptions.codeSplitting
- Adjust chunk size limit for this warning via build.chunkSizeWarningLimit.
PASS 58 CC0 runtime asset records; every packaged file and SHA-256 matches
{
  "command": "compare",
  "project": "/Users/jyxc-dz-0100378/TESTBMK/game-skill-packages/verification/moshou-autumn",
  "checked": 73,
  "differences": [],
  "ok": true
}
FAIL AssertionError [ERR_ASSERTION]: The expression evaluated to a falsy value:

  assert(moved.player.z>start.player.z+2)

    at file:///Users/jyxc-dz-0100378/TESTBMK/game-skill-packages/verification/moshou-autumn/.shibing-tests-CqJ1Vs/test-playthrough.mjs:12:142 {
  generatedMessage: true,
  code: 'ERR_ASSERTION',
  actual: false,
  expected: true,
  operator: '==',
  diff: 'simple'
}
STATE {"state":{"version":1,"level":1,"xp":0,"hp":100,"gold":0,"potions":3,"herbs":0,"kills":0,"quest":"available","position":{"x":-0.037624080541207944,"z":-25.495350325420894},"elapsed":0.6752999999821188},"player":{"x":-0.037624080541207944,"y":0,"z":-25.495350325420894},"enemies":[{"id":"wolf-1","hp":70,"x":30.41058122723416,"z":-19.76618257024589},{"id":"wolf-2","hp":70,"x":40.41858856670122,"z":-31.21916009317605},{"id":"wolf-3","hp":70,"x":48.04174750836327,"z":-17.470642837148702},{"id":"wolf-4","hp":70,"x":34.62652398336462,"z":-39.28941872712746},{"id":"wolf-5","hp":70,"x":52.55467258568761,"z":-29.842104374108104}],"meshes":75,"fps":10.467185373874738,"drawCalls":28551,"ready":true,"animations":["player_Attack","player_Block","player_Death","player_Hit","player_Idle","player_Run"]}
FAIL Error: test-playthrough failed: 1
Report: /Users/jyxc-dz-0100378/TESTBMK/game-skill-packages/verification/moshou-browser-retry
