cached 1 69 https://registry.npmmirror.com/@esbuild/aix-ppc64/-/aix-ppc64-0.25.12.tgz
cached 2 69 https://registry.npmmirror.com/@esbuild/android-arm/-/android-arm-0.25.12.tgz
cached 3 69 https://registry.npmmirror.com/@esbuild/android-arm64/-/android-arm64-0.25.12.tgz
cached 4 69 https://registry.npmmirror.com/@esbuild/android-x64/-/android-x64-0.25.12.tgz
cached 5 69 https://registry.npmmirror.com/@esbuild/darwin-arm64/-/darwin-arm64-0.25.12.tgz
cached 6 69 https://registry.npmmirror.com/@esbuild/darwin-x64/-/darwin-x64-0.25.12.tgz
cached 7 69 https://registry.npmmirror.com/@esbuild/freebsd-arm64/-/freebsd-arm64-0.25.12.tgz
cached 8 69 https://registry.npmmirror.com/@esbuild/freebsd-x64/-/freebsd-x64-0.25.12.tgz
cached 9 69 https://registry.npmmirror.com/@esbuild/linux-arm/-/linux-arm-0.25.12.tgz
cached 10 69 https://registry.npmmirror.com/@esbuild/linux-arm64/-/linux-arm64-0.25.12.tgz
cached 11 69 https://registry.npmmirror.com/@esbuild/linux-ia32/-/linux-ia32-0.25.12.tgz
cached 12 69 https://registry.npmmirror.com/@esbuild/linux-loong64/-/linux-loong64-0.25.12.tgz
cached 13 69 https://registry.npmmirror.com/@esbuild/linux-mips64el/-/linux-mips64el-0.25.12.tgz
cached 14 69 https://registry.npmmirror.com/@esbuild/linux-ppc64/-/linux-ppc64-0.25.12.tgz
cached 15 69 https://registry.npmmirror.com/@esbuild/linux-riscv64/-/linux-riscv64-0.25.12.tgz
cached 16 69 https://registry.npmmirror.com/@esbuild/linux-s390x/-/linux-s390x-0.25.12.tgz
cached 17 69 https://registry.npmmirror.com/@esbuild/linux-x64/-/linux-x64-0.25.12.tgz
cached 18 69 https://registry.npmmirror.com/@esbuild/netbsd-arm64/-/netbsd-arm64-0.25.12.tgz
cached 19 69 https://registry.npmmirror.com/@esbuild/netbsd-x64/-/netbsd-x64-0.25.12.tgz
cached 20 69 https://registry.npmmirror.com/@esbuild/openbsd-arm64/-/openbsd-arm64-0.25.12.tgz
cached 21 69 https://registry.npmmirror.com/@esbuild/openbsd-x64/-/openbsd-x64-0.25.12.tgz
cached 22 69 https://registry.npmmirror.com/@esbuild/openharmony-arm64/-/openharmony-arm64-0.25.12.tgz
cached 23 69 https://registry.npmmirror.com/@esbuild/sunos-x64/-/sunos-x64-0.25.12.tgz
cached 24 69 https://registry.npmmirror.com/@esbuild/win32-arm64/-/win32-arm64-0.25.12.tgz
cached 25 69 https://registry.npmmirror.com/@esbuild/win32-ia32/-/win32-ia32-0.25.12.tgz
cached 26 69 https://registry.npmmirror.com/@esbuild/win32-x64/-/win32-x64-0.25.12.tgz
cached 27 69 https://registry.npmmirror.com/@napi-rs/lzma-linux-x64-gnu/-/lzma-linux-x64-gnu-1.5.1.tgz
cached 28 69 https://registry.npmmirror.com/@playwright/test/-/test-1.51.1.tgz
cached 29 69 https://registry.npmmirror.com/@rollup/rollup-android-arm-eabi/-/rollup-android-arm-eabi-4.63.3.tgz
cached 30 69 https://registry.npmmirror.com/@rollup/rollup-android-arm64/-/rollup-android-arm64-4.63.3.tgz
cached 31 69 https://registry.npmmirror.com/@rollup/rollup-darwin-arm64/-/rollup-darwin-arm64-4.63.3.tgz
cached 32 69 https://registry.npmmirror.com/@rollup/rollup-darwin-x64/-/rollup-darwin-x64-4.63.3.tgz
cached 33 69 https://registry.npmmirror.com/@rollup/rollup-freebsd-arm64/-/rollup-freebsd-arm64-4.63.3.tgz
cached 34 69 https://registry.npmmirror.com/@rollup/rollup-freebsd-x64/-/rollup-freebsd-x64-4.63.3.tgz
cached 35 69 https://registry.npmmirror.com/@rollup/rollup-linux-arm-gnueabihf/-/rollup-linux-arm-gnueabihf-4.63.3.tgz
cached 36 69 https://registry.npmmirror.com/@rollup/rollup-linux-arm-musleabihf/-/rollup-linux-arm-musleabihf-4.63.3.tgz
cached 37 69 https://registry.npmmirror.com/@rollup/rollup-linux-arm64-gnu/-/rollup-linux-arm64-gnu-4.63.3.tgz
cached 38 69 https://registry.npmmirror.com/@rollup/rollup-linux-arm64-musl/-/rollup-linux-arm64-musl-4.63.3.tgz
cached 39 69 https://registry.npmmirror.com/@rollup/rollup-linux-loong64-gnu/-/rollup-linux-loong64-gnu-4.63.3.tgz
cached 40 69 https://registry.npmmirror.com/@rollup/rollup-linux-loong64-musl/-/rollup-linux-loong64-musl-4.63.3.tgz
cached 41 69 https://registry.npmmirror.com/@rollup/rollup-linux-ppc64-gnu/-/rollup-linux-ppc64-gnu-4.63.3.tgz
cached 42 69 https://registry.npmmirror.com/@rollup/rollup-linux-ppc64-musl/-/rollup-linux-ppc64-musl-4.63.3.tgz
cached 43 69 https://registry.npmmirror.com/@rollup/rollup-linux-riscv64-gnu/-/rollup-linux-riscv64-gnu-4.63.3.tgz
cached 44 69 https://registry.npmmirror.com/@rollup/rollup-linux-riscv64-musl/-/rollup-linux-riscv64-musl-4.63.3.tgz
cached 45 69 https://registry.npmmirror.com/@rollup/rollup-linux-s390x-gnu/-/rollup-linux-s390x-gnu-4.63.3.tgz
cached 46 69 https://registry.npmmirror.com/@rollup/rollup-linux-x64-gnu/-/rollup-linux-x64-gnu-4.63.3.tgz
cached 47 69 https://registry.npmmirror.com/@rollup/rollup-linux-x64-musl/-/rollup-linux-x64-musl-4.63.3.tgz
cached 48 69 https://registry.npmmirror.com/@rollup/rollup-openbsd-x64/-/rollup-openbsd-x64-4.63.3.tgz
cached 49 69 https://registry.npmmirror.com/@rollup/rollup-openharmony-arm64/-/rollup-openharmony-arm64-4.63.3.tgz
cached 50 69 https://registry.npmmirror.com/@rollup/rollup-win32-arm64-msvc/-/rollup-win32-arm64-msvc-4.63.3.tgz
cached 51 69 https://registry.npmmirror.com/@rollup/rollup-win32-ia32-msvc/-/rollup-win32-ia32-msvc-4.63.3.tgz
cached 52 69 https://registry.npmmirror.com/@rollup/rollup-win32-x64-gnu/-/rollup-win32-x64-gnu-4.63.3.tgz
cached 53 69 https://registry.npmmirror.com/@rollup/rollup-win32-x64-msvc/-/rollup-win32-x64-msvc-4.63.3.tgz
cached 54 69 https://registry.npmmirror.com/@types/estree/-/estree-1.0.9.tgz
cached 55 69 https://registry.npmmirror.com/esbuild/-/esbuild-0.25.12.tgz
cached 56 69 https://registry.npmmirror.com/fdir/-/fdir-6.5.0.tgz
cached 57 69 https://registry.npmmirror.com/fsevents/-/fsevents-2.3.2.tgz
cached 58 69 https://registry.npmmirror.com/fsevents/-/fsevents-2.3.3.tgz
cached 59 69 https://registry.npmmirror.com/nanoid/-/nanoid-3.3.19.tgz
cached 60 69 https://registry.npmmirror.com/picocolors/-/picocolors-1.1.1.tgz
cached 61 69 https://registry.npmmirror.com/picomatch/-/picomatch-4.0.7.tgz
cached 62 69 https://registry.npmmirror.com/playwright-core/-/playwright-core-1.51.1.tgz
cached 63 69 https://registry.npmmirror.com/playwright/-/playwright-1.51.1.tgz
cached 64 69 https://registry.npmmirror.com/postcss/-/postcss-8.5.28.tgz
cached 65 69 https://registry.npmmirror.com/rollup/-/rollup-4.63.3.tgz
cached 66 69 https://registry.npmmirror.com/source-map-js/-/source-map-js-1.2.1.tgz
cached 67 69 https://registry.npmmirror.com/three/-/three-0.180.0.tgz
cached 68 69 https://registry.npmmirror.com/tinyglobby/-/tinyglobby-0.2.17.tgz
cached 69 69 https://registry.npmmirror.com/vite/-/vite-6.3.5.tgz
Cache verified and compressed (/var/folders/l8/h72qrnhj4zz59b1h_qb6rv940000gn/T/yimo-npm-cache-1bf8c2wi/_cacache)
Content verified: 69 (141053935 bytes)
Index entries: 69
Finished in 0.16s
archive ready
