PASS offline initial scene and no runtime errors {
  length: 725.0199003216975,
  render: { frame: 59, calls: 432, triangles: 349379, points: 550, lines: 0 }
}
PASS real W input moves, release coasts, S brakes {
  before: 0,
  power: 3.156907268827074,
  coast: 3.8949743735104385,
  brake: 0
}
PASS door cannot open in motion 
PASS pause freezes simulation and releases input 
PASS camera orbit and preset controls 
PASS full Saltlight → Mango route, gentle arrival {
  mode: 'docked',
  comfort: 97.83385632531473,
  min: 92.01763208076594,
  ticks: 2005,
  misses: 0,
  dist: 247.23178600969885,
  remaining: 0,
  rough: 15.866143674688688
}
PASS doors, boarding, +75 bonus, no repeated payout { earned: 123, passengers: 14 }
PASS full return route reaches Saltlight and increments streak {
  mode: 'docked',
  station: 0,
  comfort: 99.17943186356031,
  misses: 0,
  ticks: 3845
}
PASS fast driving loses comfort and emergency stop denies bonus { mode: 'docked', comfort: 12, misses: 1, broken: true }
PASS restart resets journey but keeps earned currency 
PASS workshop sequential parts, actual geometry and exit 
PASS upgrade and wallet persist on reload 
PASS blur pauses and clears held buttons 
PASS malformed save is safely ignored 
PASS mobile layout and pointer pedal release 
PASS mobile workshop is operable 
PASS all browser errors and external requests 

