{
  time: 60.00000000000058,
  entities: 48,
  wave: 0,
  kills: [ 0, 1 ],
  towers: [ 0, 0 ],
  healthFinite: true
}
{
  time: 119.99999999999746,
  entities: 102,
  wave: 2,
  kills: [ 1, 3 ],
  towers: [ 0, 0 ],
  healthFinite: true
}
{
  time: 179.99999999999406,
  entities: 116,
  wave: 4,
  kills: [ 2, 7 ],
  towers: [ 0, 0 ],
  healthFinite: true
}
{
  time: 239.99999999999065,
  entities: 137,
  wave: 6,
  kills: [ 2, 12 ],
  towers: [ 0, 1 ],
  healthFinite: true
}
{
  time: 299.9999999999997,
  entities: 124,
  wave: 8,
  kills: [ 4, 15 ],
  towers: [ 0, 3 ],
  healthFinite: true
}
