0 verbose cli /opt/homebrew/Cellar/node/25.8.1_1/bin/node /opt/homebrew/bin/npm
1 info using npm@11.11.0
2 info using node@v25.8.1
3 silly config load:file:/opt/homebrew/lib/node_modules/npm/npmrc
4 silly config load:file:/Users/jyxc-dz-0100378/TESTBMK/game-skill-packages/verification/yimogame/project/.npmrc
5 silly config load:file:/Users/jyxc-dz-0100378/.npmrc
6 silly config load:file:/opt/homebrew/etc/npmrc
7 verbose title npm ci
8 verbose argv "ci" "--offline" "--cache" "/Users/jyxc-dz-0100378/TESTBMK/game-skill-packages/verification/yimogame/project/.yimo-npm-cache" "--no-audit" "--no-fund"
9 verbose logfile logs-max:10 dir:/Users/jyxc-dz-0100378/TESTBMK/game-skill-packages/verification/yimogame/project/.yimo-npm-cache/_logs/2026-09-18T05_23_35_651Z-
10 verbose logfile /Users/jyxc-dz-0100378/TESTBMK/game-skill-packages/verification/yimogame/project/.yimo-npm-cache/_logs/2026-09-18T05_23_35_651Z-debug-0.log
11 silly logfile done cleaning log files
12 silly packumentCache heap:4496293888 maxSize:1124073472 maxEntrySize:562036736
13 silly idealTree buildDeps
14 silly reify moves {}
15 http cache vite@https://registry.npmmirror.com/vite/-/vite-6.3.5.tgz 1ms (cache hit)
16 http cache three@https://registry.npmmirror.com/three/-/three-0.180.0.tgz 0ms (cache hit)
17 http cache tinyglobby@https://registry.npmmirror.com/tinyglobby/-/tinyglobby-0.2.17.tgz 0ms (cache hit)
18 http cache rollup@https://registry.npmmirror.com/rollup/-/rollup-4.63.3.tgz 0ms (cache hit)
19 http cache picomatch@https://registry.npmmirror.com/picomatch/-/picomatch-4.0.7.tgz 0ms (cache hit)
20 http cache source-map-js@https://registry.npmmirror.com/source-map-js/-/source-map-js-1.2.1.tgz 0ms (cache hit)
21 http cache picocolors@https://registry.npmmirror.com/picocolors/-/picocolors-1.1.1.tgz 0ms (cache hit)
22 http cache postcss@https://registry.npmmirror.com/postcss/-/postcss-8.5.28.tgz 0ms (cache hit)
23 http cache playwright-core@https://registry.npmmirror.com/playwright-core/-/playwright-core-1.51.1.tgz 0ms (cache hit)
24 http cache playwright@https://registry.npmmirror.com/playwright/-/playwright-1.51.1.tgz 0ms (cache hit)
25 http cache nanoid@https://registry.npmmirror.com/nanoid/-/nanoid-3.3.19.tgz 0ms (cache hit)
26 http cache fdir@https://registry.npmmirror.com/fdir/-/fdir-6.5.0.tgz 0ms (cache hit)
27 http cache fsevents@https://registry.npmmirror.com/fsevents/-/fsevents-2.3.2.tgz 0ms (cache hit)
28 http cache esbuild@https://registry.npmmirror.com/esbuild/-/esbuild-0.25.12.tgz 0ms (cache hit)
29 http cache @rollup/rollup-darwin-arm64@https://registry.npmmirror.com/@rollup/rollup-darwin-arm64/-/rollup-darwin-arm64-4.63.3.tgz 0ms (cache hit)
30 http cache @types/estree@https://registry.npmmirror.com/@types/estree/-/estree-1.0.9.tgz 0ms (cache hit)
31 http cache fsevents@https://registry.npmmirror.com/fsevents/-/fsevents-2.3.3.tgz 0ms (cache hit)
32 http cache @playwright/test@https://registry.npmmirror.com/@playwright/test/-/test-1.51.1.tgz 0ms (cache hit)
33 http cache @esbuild/darwin-arm64@https://registry.npmmirror.com/@esbuild/darwin-arm64/-/darwin-arm64-0.25.12.tgz 0ms (cache hit)
34 http fetch GET 200 https://registry.npmmirror.com/npm 509ms
35 info run esbuild@0.25.12 postinstall node_modules/esbuild node install.js
36 info run esbuild@0.25.12 postinstall { code: 0, signal: null }
37 silly ADD node_modules/vite
38 silly ADD node_modules/vite/node_modules/fsevents
39 silly ADD node_modules/tinyglobby
40 silly ADD node_modules/three
41 silly ADD node_modules/source-map-js
42 silly ADD node_modules/rollup
43 silly ADD node_modules/postcss
44 silly ADD node_modules/playwright-core
45 silly ADD node_modules/playwright
46 silly ADD node_modules/picomatch
47 silly ADD node_modules/picocolors
48 silly ADD node_modules/nanoid
49 silly ADD node_modules/fsevents
50 silly ADD node_modules/fdir
51 silly ADD node_modules/esbuild
52 silly ADD node_modules/@types/estree
53 silly ADD node_modules/@rollup/rollup-darwin-arm64
54 silly ADD node_modules/@playwright/test
55 silly ADD node_modules/@esbuild/darwin-arm64
56 verbose cwd /Users/jyxc-dz-0100378/TESTBMK/game-skill-packages/verification/yimogame/project
57 verbose os Darwin 25.6.0
58 verbose node v25.8.1
59 verbose npm  v11.11.0
60 notice
60 notice New minor version of npm available! 11.11.0 -> 11.19.1
60 notice Changelog: https://github.com/npm/cli/releases/tag/v11.19.1
60 notice To update run: npm install -g npm@11.19.1
60 notice  { force: true, Symbol(proc-log.meta): true }
61 verbose exit 0
62 info ok
